relay up
{"t":"2026-10-04T20:57:10.623Z","ev":"plugin_connected","replaced":false}
{"t":"2026-10-04T20:57:10.731Z","ev":"reply","req":"ping","ms":53,"ok":true}
{"t":"2026-10-04T20:57:12.400Z","ev":"reply","req":"server/discover","ms":2,"ok":false}
{"t":"2026-10-04T20:57:12.427Z","ev":"reply","req":"initialize","ms":5,"ok":true}
{"t":"2026-10-04T20:57:12.449Z","ev":"reply","req":"tools/list","ms":6,"ok":true}
{"t":"2026-10-04T20:57:13.870Z","ev":"reply","req":"server/discover","ms":5,"ok":false}
{"t":"2026-10-04T20:57:13.890Z","ev":"reply","req":"initialize","ms":4,"ok":true}
{"t":"2026-10-04T20:57:13.905Z","ev":"reply","req":"tools/list","ms":5,"ok":true}
{"t":"2026-10-04T20:57:15.878Z","ev":"reply","req":"tools/call:read_file","ms":4,"ok":true}
{"t":"2026-10-04T20:57:19.458Z","ev":"reply","req":"tools/call:write_file","ms":15,"ok":true}
{"t":"2026-10-04T20:57:22.911Z","ev":"reply","req":"server/discover","ms":2,"ok":false}
{"t":"2026-10-04T20:57:22.931Z","ev":"reply","req":"initialize","ms":7,"ok":true}
{"t":"2026-10-04T20:57:23.001Z","ev":"reply","req":"tools/list","ms":2,"ok":true}
{"t":"2026-10-04T20:57:25.319Z","ev":"reply","req":"tools/call:read_file","ms":2,"ok":true}
{"t":"2026-10-04T20:57:29.209Z","ev":"reply","req":"tools/call:write_file","ms":19,"ok":true}
{"t":"2026-10-04T20:57:32.422Z","ev":"reply","req":"server/discover","ms":1,"ok":false}
{"t":"2026-10-04T20:57:32.435Z","ev":"reply","req":"initialize","ms":1,"ok":true}
{"t":"2026-10-04T20:57:32.470Z","ev":"reply","req":"tools/list","ms":8,"ok":true}
{"t":"2026-10-04T20:57:34.644Z","ev":"reply","req":"tools/call:read_file","ms":3,"ok":true}
{"t":"2026-10-04T20:57:38.159Z","ev":"reply","req":"tools/call:write_file","ms":14,"ok":true}
{"t":"2026-10-04T20:57:41.684Z","ev":"reply","req":"server/discover","ms":5,"ok":false}
{"t":"2026-10-04T20:57:41.705Z","ev":"reply","req":"initialize","ms":7,"ok":true}
{"t":"2026-10-04T20:57:41.740Z","ev":"reply","req":"tools/list","ms":5,"ok":true}
{"t":"2026-10-04T20:57:44.057Z","ev":"reply","req":"tools/call:read_file","ms":3,"ok":true}
{"t":"2026-10-04T20:57:47.265Z","ev":"reply","req":"tools/call:write_file","ms":16,"ok":true}
{"t":"2026-10-04T20:57:50.752Z","ev":"reply","req":"server/discover","ms":4,"ok":false}
{"t":"2026-10-04T20:57:50.779Z","ev":"reply","req":"initialize","ms":4,"ok":true}
{"t":"2026-10-04T20:57:50.884Z","ev":"reply","req":"tools/list","ms":6,"ok":true}
{"t":"2026-10-04T20:57:52.813Z","ev":"reply","req":"tools/call:run_project","ms":53,"ok":true}
{"t":"2026-10-04T20:57:54.378Z","ev":"reply","req":"tools/call:game_status","ms":30,"ok":true}
{"t":"2026-10-04T20:57:55.812Z","ev":"reply","req":"tools/call:game_screenshot","ms":65,"ok":true}
